131,23
                                   





                                                             2000000001
                                                             3333333333        
          
                                                 
                                                                           
                          
                                                                                                                                 	
                                                                                                                                 
						 
                                                                                                                                                        
                               20000001                                                             
                               33333333                                                    2001
                       20000000000000000001                                           21   3333  
                       33333333333333333333                                  201      33   3333                             2000001
00000000000000000000000000000000000000000000000001   2000000000000000001     333      33   3333         21   2000000000000000000000
33333333333333333333333333333333333333333333333333   3333333333333333333     333      33   3333         33   3333333333333333333333
33333333333333333333333333333333333333333333333333   3333333333333333333     333           3333              3333333333333333333333	












































