288,23
                                   






        
          
                                                 
                                                                           
                                                    200000001                          
                                                    333333333                          	
                                             4	
                                                                                        
                                        4                              4        200000000001                                                               
                                 21                                             333333333333                                                                       21              
                                 33                                             333333333333                                                                       33                                                           201           
                       200001                                                                         20000001     21     21     21     21     21                                                4       4       4       4      333    21  200000000000000000000001                         
                       333333                                                                         33333333     33     33     33     33     33                                                                               333    33  333333333333333333333333                                            
00000000000000000000000000001                                                                                                                         2000000000000000000000000001   200000001                                                                 200000000000000000000000000000000 
33333333333333333333333333333                                                                                                                         3333333333333333333333333333   333333333                                                                 333333333333333333333333333333333                                                                                                     
33333333333333333333333333333                                                                                                                         3333333333333333333333333333   333333333                                                                 333333333333333333333333333333333                                  	












































